// Jest Snapshot v1, https://goo.gl/fbAQLP

exports[`keepAlive settings should throw if < -1 keepAliveInterval connectionString 1`] = `"Invalid keepAliveInterval of -2. Please provide a positive integer, or -1 to disable"`;

exports[`keepAlive settings should throw if < -1 keepAliveTimeout connectionString 1`] = `"Invalid keepAliveTimeout of -100. Please provide a positive integer, or -1 to disable"`;

exports[`keepAlive settings should warn if keepAliveInterval is less than 10_000ms (but more than -1) connectionString 1`] = `
[
  [
    "Specified KeepAliveInterval of 0 is less than recommended 10_000 ms.",
  ],
]
`;

exports[`keepAlive settings should warn if keepAliveInterval is less than 10_000ms (but more than -1) connectionString 2`] = `
[
  [
    "Specified KeepAliveInterval of 1 is less than recommended 10_000 ms.",
  ],
]
`;

exports[`keepAlive settings should warn if keepAliveInterval is less than 10_000ms (but more than -1) connectionString 3`] = `
[
  [
    "Specified KeepAliveInterval of 10 is less than recommended 10_000 ms.",
  ],
]
`;

exports[`keepAlive settings should warn if keepAliveInterval is less than 10_000ms (but more than -1) connectionString 4`] = `
[
  [
    "Specified KeepAliveInterval of 1000 is less than recommended 10_000 ms.",
  ],
]
`;

exports[`keepAlive settings should warn if keepAliveInterval is less than 10_000ms (but more than -1) connectionString 5`] = `
[
  [
    "Specified KeepAliveInterval of 9999 is less than recommended 10_000 ms.",
  ],
]
`;
