// Jest Snapshot v1, https://goo.gl/fbAQLP

exports[`client certificates (with deprecated credential options) show warnings and/or error when constructor is initialised with incorrect channel credentials combinations constructor initialised with both privateKey and certChain 1`] = `
Array [
  Array [
    "The certChain and privateKey options have been deprecated and will be removed in the next major version. Please use userCertFile and userKeyFile instead.",
  ],
]
`;

exports[`client certificates (with deprecated credential options) show warnings and/or error when constructor is initialised with incorrect channel credentials combinations constructor initialised with certChain only 1`] = `[Error: Certificate chain must be given with accompanying private key]`;

exports[`client certificates (with deprecated credential options) show warnings and/or error when constructor is initialised with incorrect channel credentials combinations constructor initialised with certChain only 2`] = `
Array [
  Array [
    "The certChain and privateKey options have been deprecated and will be removed in the next major version. Please use userCertFile and userKeyFile instead.",
  ],
]
`;

exports[`client certificates (with deprecated credential options) show warnings and/or error when constructor is initialised with incorrect channel credentials combinations constructor initialised with privateKey only 1`] = `[Error: Private key must be given with accompanying certificate chain]`;

exports[`client certificates (with deprecated credential options) show warnings and/or error when constructor is initialised with incorrect channel credentials combinations constructor initialised with privateKey only 2`] = `
Array [
  Array [
    "The certChain and privateKey options have been deprecated and will be removed in the next major version. Please use userCertFile and userKeyFile instead.",
  ],
]
`;
