// Jest Snapshot v1, https://goo.gl/fbAQLP

exports[`deadline should throw on negative connectionString 1`] = `"ParseError"`;

exports[`deadline should throw on negative connectionString 2`] = `"ParseError"`;

exports[`deadline should throw on zero connectionString 1`] = `"ParseError"`;
